// Jest Snapshot v1, https://goo.gl/fbAQLP

exports[`Card should render selected Card 1`] = `
<Card
  description="1"
  isSelected={true}
>
  <div
    className="card"
  >
    <div
      className="card__title"
    >
      <div
        className="card__text"
      />
    </div>
    Agents
  </div>
</Card>
`;
