// Jest Snapshot v1, https://goo.gl/fbAQLP

exports[`Button should render primary button 1`] = `
<Button
  className={null}
  destructive={true}
  disabled={false}
  fullWidth={false}
  id={null}
  loading={false}
  onBlur={[Function]}
  onClick={[Function]}
  onFocus={[Function]}
  primary={true}
  size={null}
  submit={false}
>
  <button
    className="btn btn-primary"
    disabled={false}
    id={null}
    onBlur={[Function]}
    onClick={[Function]}
    onFocus={[Function]}
    type="button"
  >
    Click me
  </button>
</Button>
`;
