// Jest Snapshot v1, https://goo.gl/fbAQLP

exports[`Button should render primary button 1`] = `
<Button
  destructive={true}
  disabled={false}
  fullWidth={false}
  id={null}
  loading={false}
  onBlur={[Function]}
  onClick={[Function]}
  onFocus={[Function]}
  outline={false}
  primary={true}
  size={null}
  submit={false}
>
  <Styled(button)
    destructive={true}
    disabled={false}
    fullWidth={false}
    id={null}
    onBlur={[Function]}
    onClick={[Function]}
    onFocus={[Function]}
    outline={false}
    primary={true}
    size={null}
    type="button"
  >
    <button
      className="lc-ir4o8b e18gsoqa0"
      disabled={false}
      id={null}
      onBlur={[Function]}
      onClick={[Function]}
      onFocus={[Function]}
      size={null}
      type="button"
    >
      Click me
    </button>
  </Styled(button)>
</Button>
`;
