// Jest Snapshot v1, https://goo.gl/fbAQLP

exports[`Toast should render success toast 1`] = `
<Toast
  variant="success"
>
  <div
    className="
    toast toast--success undefined
  "
  >
    <div
      className="toast__icon"
    >
      <ToastIcon
        toastType="success"
      >
        <InformationIcon>
          <svg
            className="material material-information-icon undefined"
            height="24"
            viewBox="0 0 24 24"
            width="24"
            xmlns="http://www.w3.org/2000/svg"
          >
            <path
              d="M13 9h-2V7h2m0 10h-2v-6h2m-1-9C6.48 2 2 6.48 2 12s4.48 10 10 10 10-4.48 10-10S17.52 2 12 2z"
            />
          </svg>
        </InformationIcon>
      </ToastIcon>
    </div>
    <div
      className="toast__content"
    >
      Toast content
    </div>
  </div>
</Toast>
`;
