// Jest Snapshot v1, https://goo.gl/fbAQLP

exports[`Toast should render success toast 1`] = `
<Toast
  className=""
  fixed={true}
  hideDelayTime={0}
  horizontalPosition="center"
  success={true}
  verticalPosition="top"
  warning={true}
>
  <CSSTransitionGroup
    transitionAppear={true}
    transitionAppearTimeout={100}
    transitionEnter={false}
    transitionLeave={false}
    transitionName={
      Object {
        "appear": "lc-toast--animation-appear",
        "appearActive": "lc-toast--animation-appear-active",
      }
    }
  >
    <TransitionGroup
      childFactory={[Function]}
      component="span"
      transitionAppear={true}
      transitionAppearTimeout={100}
      transitionEnter={false}
      transitionLeave={false}
      transitionName={
        Object {
          "appear": "lc-toast--animation-appear",
          "appearActive": "lc-toast--animation-appear-active",
        }
      }
    >
      <span>
        <CSSTransitionGroupChild
          appear={true}
          appearTimeout={100}
          enter={false}
          key=".$toast"
          leave={false}
          name={
            Object {
              "appear": "lc-toast--animation-appear",
              "appearActive": "lc-toast--animation-appear-active",
            }
          }
        >
          <div
            className="
    toast toast--fixed toast--success toast--horizontal-center toast--vertical-top 
    "
            key=".$toast"
          >
            <div
              className="toast-icon"
            >
              <Icon>
                <CheckCircleIcon>
                  <svg
                    className="material material-check-circle-icon undefined"
                    height="24"
                    viewBox="0 0 24 24"
                    width="24"
                    xmlns="http://www.w3.org/2000/svg"
                  >
                    <path
                      d="M12 2c5.52 0 10 4.48 10 10s-4.48 10-10 10S2 17.52 2 12 6.48 2 12 2m-1 14.5l7-7-1.41-1.41L11 13.67l-3.09-3.08L6.5 12l4.5 4.5z"
                    />
                  </svg>
                </CheckCircleIcon>
              </Icon>
            </div>
            <div
              className="toast-content"
            >
              Toast content
            </div>
          </div>
        </CSSTransitionGroupChild>
      </span>
    </TransitionGroup>
  </CSSTransitionGroup>
</Toast>
`;
